input: |
  app: nitro_reader_five
  -
  # Set tags
  tag(): user.pages
  tag(): user.tabs
output: |
  app: nitro_reader_five
  -

  # Set tags
  tag(): user.pages
  tag(): user.tabs
