input: "control mouse: user.mouse_toggle_control_mouse()\nzoom mouse: user.mouse_toggle_zoom_mouse()\n\
  camera overlay: user.mouse_toggle_camera_overlay()\nrun calibration: user.mouse_calibrate()\n\
  touch:\n\tmouse_click(0)\n\t# close the mouse grid if open\n\tuser.grid_close()\n\
  \    \t# End any open drags\n\t# Touch automatically ends left drags so this is\
  \ for right drags specifically\n\tuser.mouse_drag_end()\n\nrighty:\n\tmouse_click(1)\n\
  \t# close the mouse grid if open\n\tuser.grid_close()\n\nmid click:\n\tmouse_click(2)\n\
  \t# close the mouse grid\n\tuser.grid_close()\n\n#see keys.py for modifiers.\n#defaults\n\
  #command\n#control\n#option = alt\n#shift\n#super = windows key\n<user.modifiers>\
  \ touch:\n\tkey(\"{modifiers}:down\")\n\tmouse_click(0)\n\tkey(\"{modifiers}:up\"\
  )\n\t# close the mouse grid\n\tuser.grid_close()\n<user.modifiers> righty:\n\tkey(\"\
  {modifiers}:down\")\n\tmouse_click(1)\n\tkey(\"{modifiers}:up\")\n\t# close the\
  \ mouse grid\n\tuser.grid_close()\n(dub click | duke):\n\tmouse_click()\n\tmouse_click()\n\
  \t# close the mouse grid\n\tuser.grid_close()\n(trip click | trip lick):\n\tmouse_click()\n\
  \tmouse_click()\n\tmouse_click()\n\t# close the mouse grid\n\tuser.grid_close()\n\
  left drag | drag:\n\tuser.mouse_drag(0)\n\t# close the mouse grid\n\tuser.grid_close()\n\
  right drag | righty drag:\n\tuser.mouse_drag(1)\n\t# close the mouse grid\n\tuser.grid_close()\n\
  end drag | drag end:\n    user.mouse_drag_end()\nwheel down: user.mouse_scroll_down()\n\
  wheel down here:\n    user.mouse_move_center_active_window()\n    user.mouse_scroll_down()\n\
  wheel tiny [down]: user.mouse_scroll_down(0.2)\nwheel tiny [down] here:\n    user.mouse_move_center_active_window()\n\
  \    user.mouse_scroll_down(0.2)\nwheel downer: user.mouse_scroll_down_continuous()\n\
  wheel downer here:\n    user.mouse_move_center_active_window()\n    user.mouse_scroll_down_continuous()\n\
  wheel up: user.mouse_scroll_up()\nwheel up here:\n    user.mouse_move_center_active_window()\n\
  \    user.mouse_scroll_up()\nwheel tiny up: user.mouse_scroll_up(0.2)\nwheel tiny\
  \ up here:\n    user.mouse_move_center_active_window()\n    user.mouse_scroll_up(0.2)\n\
  wheel upper: user.mouse_scroll_up_continuous()\nwheel upper here:\n    user.mouse_move_center_active_window()\n\
  \    user.mouse_scroll_up_continuous()\nwheel gaze: user.mouse_gaze_scroll()\nwheel\
  \ gaze here:\n    user.mouse_move_center_active_window()\n    user.mouse_gaze_scroll()\n\
  wheel stop: user.mouse_scroll_stop()\nwheel stop here:\n    user.mouse_move_center_active_window()\n\
  \    user.mouse_scroll_stop()\nwheel left: user.mouse_scroll_left()\nwheel left\
  \ here:\n    user.mouse_move_center_active_window()\n    user.mouse_scroll_left()\n\
  wheel tiny left: user.mouse_scroll_left(0.5)\nwheel tiny left here:\n    user.mouse_move_center_active_window()\n\
  \    user.mouse_scroll_left(0.5)\nwheel right: user.mouse_scroll_right()\nwheel\
  \ right here:\n    user.mouse_move_center_active_window()\n    user.mouse_scroll_right()\n\
  wheel tiny right: user.mouse_scroll_right(0.5)\nwheel tiny right here:\n    user.mouse_move_center_active_window()\n\
  \    user.mouse_scroll_right(0.5)\ncopy mouse position: user.copy_mouse_position()\n\
  curse no:\n    # Command added 2021-12-13, can remove after 2022-06-01\n    app.notify(\"\
  Please activate the user.mouse_cursor_commands_enable tag to enable this command\"\
  )\n"
output: |-
  -
  control mouse:                   user.mouse_toggle_control_mouse()

  zoom mouse:                      user.mouse_toggle_zoom_mouse()

  camera overlay:                  user.mouse_toggle_camera_overlay()

  run calibration:                 user.mouse_calibrate()

  touch:
      mouse_click(0)
      # close the mouse grid if open
      user.grid_close()
      # End any open drags
      # Touch automatically ends left drags so this is for right drags specifically
      user.mouse_drag_end()
  righty:
      mouse_click(1)
      # close the mouse grid if open
      user.grid_close()
  mid click:
      mouse_click(2)
      # close the mouse grid
      user.grid_close()
  #see keys.py for modifiers.
  #defaults
  #command
  #control
  #option = alt
  #shift
  #super = windows key
  <user.modifiers> touch:
      key("{modifiers}:down")
      mouse_click(0)
      key("{modifiers}:up")
      # close the mouse grid
      user.grid_close()
  <user.modifiers> righty:
      key("{modifiers}:down")
      mouse_click(1)
      key("{modifiers}:up")
      # close the mouse grid
      user.grid_close()
  (dub click | duke):
      mouse_click()
      mouse_click()
      # close the mouse grid
      user.grid_close()
  (trip click | trip lick):
      mouse_click()
      mouse_click()
      mouse_click()
      # close the mouse grid
      user.grid_close()
  left drag | drag:
      user.mouse_drag(0)
      # close the mouse grid
      user.grid_close()
  right drag | righty drag:
      user.mouse_drag(1)
      # close the mouse grid
      user.grid_close()
  end drag | drag end:             user.mouse_drag_end()

  wheel down:                      user.mouse_scroll_down()

  wheel down here:
      user.mouse_move_center_active_window()
      user.mouse_scroll_down()
  wheel tiny [down]:               user.mouse_scroll_down(0.2)

  wheel tiny [down] here:
      user.mouse_move_center_active_window()
      user.mouse_scroll_down(0.2)
  wheel downer:                    user.mouse_scroll_down_continuous()

  wheel downer here:
      user.mouse_move_center_active_window()
      user.mouse_scroll_down_continuous()
  wheel up:                        user.mouse_scroll_up()

  wheel up here:
      user.mouse_move_center_active_window()
      user.mouse_scroll_up()
  wheel tiny up:                   user.mouse_scroll_up(0.2)

  wheel tiny up here:
      user.mouse_move_center_active_window()
      user.mouse_scroll_up(0.2)
  wheel upper:                     user.mouse_scroll_up_continuous()

  wheel upper here:
      user.mouse_move_center_active_window()
      user.mouse_scroll_up_continuous()
  wheel gaze:                      user.mouse_gaze_scroll()

  wheel gaze here:
      user.mouse_move_center_active_window()
      user.mouse_gaze_scroll()
  wheel stop:                      user.mouse_scroll_stop()

  wheel stop here:
      user.mouse_move_center_active_window()
      user.mouse_scroll_stop()
  wheel left:                      user.mouse_scroll_left()

  wheel left here:
      user.mouse_move_center_active_window()
      user.mouse_scroll_left()
  wheel tiny left:                 user.mouse_scroll_left(0.5)

  wheel tiny left here:
      user.mouse_move_center_active_window()
      user.mouse_scroll_left(0.5)
  wheel right:                     user.mouse_scroll_right()

  wheel right here:
      user.mouse_move_center_active_window()
      user.mouse_scroll_right()
  wheel tiny right:                user.mouse_scroll_right(0.5)

  wheel tiny right here:
      user.mouse_move_center_active_window()
      user.mouse_scroll_right(0.5)
  copy mouse position:             user.copy_mouse_position()

  curse no:
      app.notify("Please activate the user.mouse_cursor_commands_enable tag to enable this command")
