input: "app: okular\n-\n# Set tags\ntag(): user.pages\n"
output: |-
  app: okular

  -
  # Set tags
  tag(): user.pages
