input: "tag: user.sql\n-\ntag(): user.code_operators_math\ntag(): user.code_comment_line\n\
  tag(): user.code_comment_block_c_like\ntag(): user.code_data_null\ntag(): user.code_functions_common\n\
  \nselect: \"SELECT \"\ndistinct: \"DISTINCT \"\nfrom: \"FROM \"\nselect star from:\
  \ \"SELECT *\\nFROM \"\nwhere: \"WHERE \"\norder by: \"ORDER BY \"\ngroup by: \"\
  GROUP BY \"\nhaving: \"HAVING \"\ndescending: \" DESC\"\nascending: \" ASC\"\ndot\
  \ i d: \".id\"\ninner join: user.insert_between(\"INNER JOIN \", \" ON \")\ninner\
  \ join using: user.insert_between(\"INNER JOIN \", \" USING \")\nleft outer join:\
  \ user.insert_between(\"LEFT OUTER JOIN \", \" ON \")\nright outer join: user.insert_between(\"\
  RIGHT OUTER JOIN \", \" ON \")\n\nwith:\n    key(enter up)\n    \"WITH  AS (\"\n\
  \    key(enter tab)\n    \"SELECT \"\n    key(enter shift-tab)\n    edit.extend_line_end()\n\
  \    edit.delete()\n    \") \"\n    key(delete up:2 right:3)\n\ncolumn:\n    key(return)\n\
  \    \", \"\n\ncount: user.code_insert_function(\"Count\", \"\")\n\ndate: user.insert_between(\"\
  DATE '\", \"'\")\n"
output: |
  tag: user.sql

  -
  tag(): user.code_operators_math
  tag(): user.code_comment_line
  tag(): user.code_comment_block_c_like
  tag(): user.code_data_null
  tag(): user.code_functions_common
  select:           "SELECT"
  distinct:         "DISTINCT"
  from:             "FROM"
  select star from: "SELECT *\nFROM"
  where:            "WHERE"
  order by:         "ORDER BY"
  group by:         "GROUP BY"
  having:           "HAVING"
  descending:       "DESC"
  ascending:        "ASC"
  dot i d:          ".id"
  inner join:       user.insert_between("INNER JOIN", "ON")
  inner join using: user.insert_between("INNER JOIN", "USING")
  left outer join:  user.insert_between("LEFT OUTER JOIN", "ON")
  right outer join: user.insert_between("RIGHT OUTER JOIN", "ON")

  with:
      key(enter up)
      "WITH AS ("
      key(enter tab)
      "SELECT"
      key(enter shift-tab)
      edit.extend_line_end()
      edit.delete()
      ")"
      key(delete up:2 right:3)

  column:
      key(return)
      ","

  count: user.code_insert_function("Count", "")
  date:  user.insert_between("DATE '", "'")
