input: "help alphabet: user.help_list(\"user.letter\")\nhelp symbols: user.help_list(\"\
  user.symbol_key\")\nhelp numbers: user.help_list(\"user.number_key\")\nhelp punctuation:\
  \ user.help_list(\"user.punctuation\")\nhelp modifier: user.help_list(\"user.modifier_key\"\
  )\nhelp special keys: user.help_list(\"user.special_key\")\nhelp function keys:\
  \ user.help_list(\"user.function_key\")\nhelp arrows: user.help_list(\"user.arrow_key\"\
  )\n(help formatters | help format | format help) : user.help_formatters(user.get_formatters_words())\n\
  help context$: user.help_context()\nhelp active$: user.help_context_enabled()\n\
  help search <user.text>$: user.help_search(text)\nhelp context {user.help_contexts}$:\
  \ user.help_selected_context(help_contexts)\nhelp help: user.help_search(\"help\"\
  )\nhelp scope$: user.help_scope_toggle()\n"
output:
  type: source_file
  children:
  - type: context
    children: []
  - type: command
    rule:
      type: rule
      children:
      - type: seq
        children:
        - text: help
          type: word
        - text: alphabet
          type: word
    script:
      type: block
      children:
      - type: expression
        expression:
          type: action
          action_name:
            text: user.help_list
            type: identifier
          arguments:
            type: argument_list
            children:
            - type: string
              children:
              - text: user.letter
                type: string_content
  - type: command
    rule:
      type: rule
      children:
      - type: seq
        children:
        - text: help
          type: word
        - text: symbols
          type: word
    script:
      type: block
      children:
      - type: expression
        expression:
          type: action
          action_name:
            text: user.help_list
            type: identifier
          arguments:
            type: argument_list
            children:
            - type: string
              children:
              - text: user.symbol_key
                type: string_content
  - type: command
    rule:
      type: rule
      children:
      - type: seq
        children:
        - text: help
          type: word
        - text: numbers
          type: word
    script:
      type: block
      children:
      - type: expression
        expression:
          type: action
          action_name:
            text: user.help_list
            type: identifier
          arguments:
            type: argument_list
            children:
            - type: string
              children:
              - text: user.number_key
                type: string_content
  - type: command
    rule:
      type: rule
      children:
      - type: seq
        children:
        - text: help
          type: word
        - text: punctuation
          type: word
    script:
      type: block
      children:
      - type: expression
        expression:
          type: action
          action_name:
            text: user.help_list
            type: identifier
          arguments:
            type: argument_list
            children:
            - type: string
              children:
              - text: user.punctuation
                type: string_content
  - type: command
    rule:
      type: rule
      children:
      - type: seq
        children:
        - text: help
          type: word
        - text: modifier
          type: word
    script:
      type: block
      children:
      - type: expression
        expression:
          type: action
          action_name:
            text: user.help_list
            type: identifier
          arguments:
            type: argument_list
            children:
            - type: string
              children:
              - text: user.modifier_key
                type: string_content
  - type: command
    rule:
      type: rule
      children:
      - type: seq
        children:
        - text: help
          type: word
        - text: special
          type: word
        - text: keys
          type: word
    script:
      type: block
      children:
      - type: expression
        expression:
          type: action
          action_name:
            text: user.help_list
            type: identifier
          arguments:
            type: argument_list
            children:
            - type: string
              children:
              - text: user.special_key
                type: string_content
  - type: command
    rule:
      type: rule
      children:
      - type: seq
        children:
        - text: help
          type: word
        - text: function
          type: word
        - text: keys
          type: word
    script:
      type: block
      children:
      - type: expression
        expression:
          type: action
          action_name:
            text: user.help_list
            type: identifier
          arguments:
            type: argument_list
            children:
            - type: string
              children:
              - text: user.function_key
                type: string_content
  - type: command
    rule:
      type: rule
      children:
      - type: seq
        children:
        - text: help
          type: word
        - text: arrows
          type: word
    script:
      type: block
      children:
      - type: expression
        expression:
          type: action
          action_name:
            text: user.help_list
            type: identifier
          arguments:
            type: argument_list
            children:
            - type: string
              children:
              - text: user.arrow_key
                type: string_content
  - type: command
    rule:
      type: rule
      children:
      - type: parenthesized_rule
        children:
        - type: choice
          children:
          - type: seq
            children:
            - text: help
              type: word
            - text: formatters
              type: word
          - type: seq
            children:
            - text: help
              type: word
            - text: format
              type: word
          - type: seq
            children:
            - text: format
              type: word
            - text: help
              type: word
    script:
      type: block
      children:
      - type: expression
        expression:
          type: action
          action_name:
            text: user.help_formatters
            type: identifier
          arguments:
            type: argument_list
            children:
            - type: action
              action_name:
                text: user.get_formatters_words
                type: identifier
              arguments:
                type: argument_list
                children: []
  - type: command
    rule:
      type: rule
      children:
      - type: seq
        children:
        - text: help
          type: word
        - text: context
          type: word
      - text: $
        type: end_anchor
    script:
      type: block
      children:
      - type: expression
        expression:
          type: action
          action_name:
            text: user.help_context
            type: identifier
          arguments:
            type: argument_list
            children: []
  - type: command
    rule:
      type: rule
      children:
      - type: seq
        children:
        - text: help
          type: word
        - text: active
          type: word
      - text: $
        type: end_anchor
    script:
      type: block
      children:
      - type: expression
        expression:
          type: action
          action_name:
            text: user.help_context_enabled
            type: identifier
          arguments:
            type: argument_list
            children: []
  - type: command
    rule:
      type: rule
      children:
      - type: seq
        children:
        - text: help
          type: word
        - text: search
          type: word
        - type: capture
          capture_name:
            text: user.text
            type: identifier
      - text: $
        type: end_anchor
    script:
      type: block
      children:
      - type: expression
        expression:
          type: action
          action_name:
            text: user.help_search
            type: identifier
          arguments:
            type: argument_list
            children:
            - type: variable
              variable_name:
                text: text
                type: identifier
  - type: command
    rule:
      type: rule
      children:
      - type: seq
        children:
        - text: help
          type: word
        - text: context
          type: word
        - type: list
          list_name:
            text: user.help_contexts
            type: identifier
      - text: $
        type: end_anchor
    script:
      type: block
      children:
      - type: expression
        expression:
          type: action
          action_name:
            text: user.help_selected_context
            type: identifier
          arguments:
            type: argument_list
            children:
            - type: variable
              variable_name:
                text: help_contexts
                type: identifier
  - type: command
    rule:
      type: rule
      children:
      - type: seq
        children:
        - text: help
          type: word
        - text: help
          type: word
    script:
      type: block
      children:
      - type: expression
        expression:
          type: action
          action_name:
            text: user.help_search
            type: identifier
          arguments:
            type: argument_list
            children:
            - type: string
              children:
              - text: help
                type: string_content
  - type: command
    rule:
      type: rule
      children:
      - type: seq
        children:
        - text: help
          type: word
        - text: scope
          type: word
      - text: $
        type: end_anchor
    script:
      type: block
      children:
      - type: expression
        expression:
          type: action
          action_name:
            text: user.help_scope_toggle
            type: identifier
          arguments:
            type: argument_list
            children: []
