input: "tag: user.code_functions_common_gui_active\n-\n# Toggle prefix to be mentally\
  \ similar to the 'toggle funk' show command\ntoggle funk: user.code_toggle_functions()\n"
output:
  type: source_file
  children:
  - type: context
    children:
    - type: match
      key:
        text: tag
        type: identifier
      pattern:
        text: ' user.code_functions_common_gui_active'
        type: implicit_string
  - text: "# Toggle prefix to be mentally similar to the 'toggle funk' show command"
    type: comment
  - type: command
    rule:
      type: rule
      children:
      - type: seq
        children:
        - text: toggle
          type: word
        - text: funk
          type: word
    script:
      type: block
      children:
      - type: expression
        expression:
          type: action
          action_name:
            text: user.code_toggle_functions
            type: identifier
          arguments:
            type: argument_list
            children: []
