input: "date insert:\n    insert(user.time_format(\"%Y-%m-%d\"))\ndate insert UTC:\n\
  \    insert(user.time_format_utc(\"%Y-%m-%d\"))\ntimestamp insert:\n    insert(user.time_format(\"\
  %Y-%m-%d %H:%M:%S\"))\ntimestamp insert high resolution:\n    insert(user.time_format(\"\
  %Y-%m-%d %H:%M:%S.%f\"))\ntimestamp insert UTC:\n    insert(user.time_format_utc(\"\
  %Y-%m-%d %H:%M:%S\"))\ntimestamp insert UTC high resolution:\n    insert(user.time_format_utc(\"\
  %Y-%m-%d %H:%M:%S.%f\"))\n"
output:
  type: source_file
  children:
  - type: context
    children: []
  - type: command
    rule:
      type: rule
      children:
      - type: seq
        children:
        - text: date
          type: word
        - text: insert
          type: word
    script:
      type: block
      children:
      - type: expression
        expression:
          type: action
          action_name:
            text: insert
            type: identifier
          arguments:
            type: argument_list
            children:
            - type: action
              action_name:
                text: user.time_format
                type: identifier
              arguments:
                type: argument_list
                children:
                - type: string
                  children:
                  - text: '%Y-%m-%d'
                    type: string_content
  - type: command
    rule:
      type: rule
      children:
      - type: seq
        children:
        - text: date
          type: word
        - text: insert
          type: word
        - text: UTC
          type: word
    script:
      type: block
      children:
      - type: expression
        expression:
          type: action
          action_name:
            text: insert
            type: identifier
          arguments:
            type: argument_list
            children:
            - type: action
              action_name:
                text: user.time_format_utc
                type: identifier
              arguments:
                type: argument_list
                children:
                - type: string
                  children:
                  - text: '%Y-%m-%d'
                    type: string_content
  - type: command
    rule:
      type: rule
      children:
      - type: seq
        children:
        - text: timestamp
          type: word
        - text: insert
          type: word
    script:
      type: block
      children:
      - type: expression
        expression:
          type: action
          action_name:
            text: insert
            type: identifier
          arguments:
            type: argument_list
            children:
            - type: action
              action_name:
                text: user.time_format
                type: identifier
              arguments:
                type: argument_list
                children:
                - type: string
                  children:
                  - text: '%Y-%m-%d %H:%M:%S'
                    type: string_content
  - type: command
    rule:
      type: rule
      children:
      - type: seq
        children:
        - text: timestamp
          type: word
        - text: insert
          type: word
        - text: high
          type: word
        - text: resolution
          type: word
    script:
      type: block
      children:
      - type: expression
        expression:
          type: action
          action_name:
            text: insert
            type: identifier
          arguments:
            type: argument_list
            children:
            - type: action
              action_name:
                text: user.time_format
                type: identifier
              arguments:
                type: argument_list
                children:
                - type: string
                  children:
                  - text: '%Y-%m-%d %H:%M:%S.%f'
                    type: string_content
  - type: command
    rule:
      type: rule
      children:
      - type: seq
        children:
        - text: timestamp
          type: word
        - text: insert
          type: word
        - text: UTC
          type: word
    script:
      type: block
      children:
      - type: expression
        expression:
          type: action
          action_name:
            text: insert
            type: identifier
          arguments:
            type: argument_list
            children:
            - type: action
              action_name:
                text: user.time_format_utc
                type: identifier
              arguments:
                type: argument_list
                children:
                - type: string
                  children:
                  - text: '%Y-%m-%d %H:%M:%S'
                    type: string_content
  - type: command
    rule:
      type: rule
      children:
      - type: seq
        children:
        - text: timestamp
          type: word
        - text: insert
          type: word
        - text: UTC
          type: word
        - text: high
          type: word
        - text: resolution
          type: word
    script:
      type: block
      children:
      - type: expression
        expression:
          type: action
          action_name:
            text: insert
            type: identifier
          arguments:
            type: argument_list
            children:
            - type: action
              action_name:
                text: user.time_format_utc
                type: identifier
              arguments:
                type: argument_list
                children:
                - type: string
                  children:
                  - text: '%Y-%m-%d %H:%M:%S.%f'
                    type: string_content
