input: "tag: terminal\nand tag: user.anaconda\n-\nanaconda:         \"conda \"\nanaconda\
  \ help:    \"conda --help\\n\"\nanaconda version: \"conda --version\\n\"\n\nanaconda\
  \ environment list:   \"conda env list\\n\"\nanaconda environment create: \"conda\
  \ env create -f \"\nanaconda environment remove: \"conda env remove -n \"\n\nanaconda\
  \ activate:  \"conda activate \"\nanaconda clean:     \"conda clean \"\nanaconda\
  \ compare:   \"conda compare \"\nanaconda config:    \"conda config \"\nanaconda\
  \ create:    \"conda create \"\nanaconda info:      \"conda info \"\nanaconda init:\
  \      \"conda init \"\nanaconda install:   \"conda install \"\nanaconda list: \
  \     \"conda list \"\nanaconda package:   \"conda package \"\nanaconda remove:\
  \    \"conda remove \"\nanaconda uninstall: \"conda uninstall \"\nanaconda run:\
  \       \"conda run \"\nanaconda search:    \"conda search \"\nanaconda update:\
  \    \"conda update \"\nanaconda upgrade:   \"conda upgrade \"\n\nanaconda build:\
  \       \"conda build \"\nanaconda convert:     \"conda convert \"\nanaconda debug:\
  \       \"conda debug \"\nanaconda develop:     \"conda develop \"\nanaconda environment:\
  \ \"conda env \"\nanaconda index:       \"conda index \"\nanaconda inspect:    \
  \ \"conda inspect \"\nanaconda metapackage: \"conda metapackage \"\nanaconda render:\
  \      \"conda render \"\nanaconda server:      \"conda server \"\nanaconda skeleton:\
  \    \"conda skeleton \"\nanaconda verify:      \"conda verify \"\n"
output:
  type: source_file
  children:
  - type: context
    children:
    - type: and
      children:
      - type: match
        key:
          text: tag
          type: identifier
        pattern:
          text: ' terminal'
          type: implicit_string
      - type: match
        key:
          text: tag
          type: identifier
        pattern:
          text: ' user.anaconda'
          type: implicit_string
  - type: command
    rule:
      type: rule
      children:
      - text: anaconda
        type: word
    script:
      type: block
      children:
      - type: expression
        expression:
          type: string
          children:
          - text: 'conda '
            type: string_content
  - type: command
    rule:
      type: rule
      children:
      - type: seq
        children:
        - text: anaconda
          type: word
        - text: help
          type: word
    script:
      type: block
      children:
      - type: expression
        expression:
          type: string
          children:
          - text: conda --help
            type: string_content
          - text: \n
            type: string_escape_sequence
  - type: command
    rule:
      type: rule
      children:
      - type: seq
        children:
        - text: anaconda
          type: word
        - text: version
          type: word
    script:
      type: block
      children:
      - type: expression
        expression:
          type: string
          children:
          - text: conda --version
            type: string_content
          - text: \n
            type: string_escape_sequence
  - type: command
    rule:
      type: rule
      children:
      - type: seq
        children:
        - text: anaconda
          type: word
        - text: environment
          type: word
        - text: list
          type: word
    script:
      type: block
      children:
      - type: expression
        expression:
          type: string
          children:
          - text: conda env list
            type: string_content
          - text: \n
            type: string_escape_sequence
  - type: command
    rule:
      type: rule
      children:
      - type: seq
        children:
        - text: anaconda
          type: word
        - text: environment
          type: word
        - text: create
          type: word
    script:
      type: block
      children:
      - type: expression
        expression:
          type: string
          children:
          - text: 'conda env create -f '
            type: string_content
  - type: command
    rule:
      type: rule
      children:
      - type: seq
        children:
        - text: anaconda
          type: word
        - text: environment
          type: word
        - text: remove
          type: word
    script:
      type: block
      children:
      - type: expression
        expression:
          type: string
          children:
          - text: 'conda env remove -n '
            type: string_content
  - type: command
    rule:
      type: rule
      children:
      - type: seq
        children:
        - text: anaconda
          type: word
        - text: activate
          type: word
    script:
      type: block
      children:
      - type: expression
        expression:
          type: string
          children:
          - text: 'conda activate '
            type: string_content
  - type: command
    rule:
      type: rule
      children:
      - type: seq
        children:
        - text: anaconda
          type: word
        - text: clean
          type: word
    script:
      type: block
      children:
      - type: expression
        expression:
          type: string
          children:
          - text: 'conda clean '
            type: string_content
  - type: command
    rule:
      type: rule
      children:
      - type: seq
        children:
        - text: anaconda
          type: word
        - text: compare
          type: word
    script:
      type: block
      children:
      - type: expression
        expression:
          type: string
          children:
          - text: 'conda compare '
            type: string_content
  - type: command
    rule:
      type: rule
      children:
      - type: seq
        children:
        - text: anaconda
          type: word
        - text: config
          type: word
    script:
      type: block
      children:
      - type: expression
        expression:
          type: string
          children:
          - text: 'conda config '
            type: string_content
  - type: command
    rule:
      type: rule
      children:
      - type: seq
        children:
        - text: anaconda
          type: word
        - text: create
          type: word
    script:
      type: block
      children:
      - type: expression
        expression:
          type: string
          children:
          - text: 'conda create '
            type: string_content
  - type: command
    rule:
      type: rule
      children:
      - type: seq
        children:
        - text: anaconda
          type: word
        - text: info
          type: word
    script:
      type: block
      children:
      - type: expression
        expression:
          type: string
          children:
          - text: 'conda info '
            type: string_content
  - type: command
    rule:
      type: rule
      children:
      - type: seq
        children:
        - text: anaconda
          type: word
        - text: init
          type: word
    script:
      type: block
      children:
      - type: expression
        expression:
          type: string
          children:
          - text: 'conda init '
            type: string_content
  - type: command
    rule:
      type: rule
      children:
      - type: seq
        children:
        - text: anaconda
          type: word
        - text: install
          type: word
    script:
      type: block
      children:
      - type: expression
        expression:
          type: string
          children:
          - text: 'conda install '
            type: string_content
  - type: command
    rule:
      type: rule
      children:
      - type: seq
        children:
        - text: anaconda
          type: word
        - text: list
          type: word
    script:
      type: block
      children:
      - type: expression
        expression:
          type: string
          children:
          - text: 'conda list '
            type: string_content
  - type: command
    rule:
      type: rule
      children:
      - type: seq
        children:
        - text: anaconda
          type: word
        - text: package
          type: word
    script:
      type: block
      children:
      - type: expression
        expression:
          type: string
          children:
          - text: 'conda package '
            type: string_content
  - type: command
    rule:
      type: rule
      children:
      - type: seq
        children:
        - text: anaconda
          type: word
        - text: remove
          type: word
    script:
      type: block
      children:
      - type: expression
        expression:
          type: string
          children:
          - text: 'conda remove '
            type: string_content
  - type: command
    rule:
      type: rule
      children:
      - type: seq
        children:
        - text: anaconda
          type: word
        - text: uninstall
          type: word
    script:
      type: block
      children:
      - type: expression
        expression:
          type: string
          children:
          - text: 'conda uninstall '
            type: string_content
  - type: command
    rule:
      type: rule
      children:
      - type: seq
        children:
        - text: anaconda
          type: word
        - text: run
          type: word
    script:
      type: block
      children:
      - type: expression
        expression:
          type: string
          children:
          - text: 'conda run '
            type: string_content
  - type: command
    rule:
      type: rule
      children:
      - type: seq
        children:
        - text: anaconda
          type: word
        - text: search
          type: word
    script:
      type: block
      children:
      - type: expression
        expression:
          type: string
          children:
          - text: 'conda search '
            type: string_content
  - type: command
    rule:
      type: rule
      children:
      - type: seq
        children:
        - text: anaconda
          type: word
        - text: update
          type: word
    script:
      type: block
      children:
      - type: expression
        expression:
          type: string
          children:
          - text: 'conda update '
            type: string_content
  - type: command
    rule:
      type: rule
      children:
      - type: seq
        children:
        - text: anaconda
          type: word
        - text: upgrade
          type: word
    script:
      type: block
      children:
      - type: expression
        expression:
          type: string
          children:
          - text: 'conda upgrade '
            type: string_content
  - type: command
    rule:
      type: rule
      children:
      - type: seq
        children:
        - text: anaconda
          type: word
        - text: build
          type: word
    script:
      type: block
      children:
      - type: expression
        expression:
          type: string
          children:
          - text: 'conda build '
            type: string_content
  - type: command
    rule:
      type: rule
      children:
      - type: seq
        children:
        - text: anaconda
          type: word
        - text: convert
          type: word
    script:
      type: block
      children:
      - type: expression
        expression:
          type: string
          children:
          - text: 'conda convert '
            type: string_content
  - type: command
    rule:
      type: rule
      children:
      - type: seq
        children:
        - text: anaconda
          type: word
        - text: debug
          type: word
    script:
      type: block
      children:
      - type: expression
        expression:
          type: string
          children:
          - text: 'conda debug '
            type: string_content
  - type: command
    rule:
      type: rule
      children:
      - type: seq
        children:
        - text: anaconda
          type: word
        - text: develop
          type: word
    script:
      type: block
      children:
      - type: expression
        expression:
          type: string
          children:
          - text: 'conda develop '
            type: string_content
  - type: command
    rule:
      type: rule
      children:
      - type: seq
        children:
        - text: anaconda
          type: word
        - text: environment
          type: word
    script:
      type: block
      children:
      - type: expression
        expression:
          type: string
          children:
          - text: 'conda env '
            type: string_content
  - type: command
    rule:
      type: rule
      children:
      - type: seq
        children:
        - text: anaconda
          type: word
        - text: index
          type: word
    script:
      type: block
      children:
      - type: expression
        expression:
          type: string
          children:
          - text: 'conda index '
            type: string_content
  - type: command
    rule:
      type: rule
      children:
      - type: seq
        children:
        - text: anaconda
          type: word
        - text: inspect
          type: word
    script:
      type: block
      children:
      - type: expression
        expression:
          type: string
          children:
          - text: 'conda inspect '
            type: string_content
  - type: command
    rule:
      type: rule
      children:
      - type: seq
        children:
        - text: anaconda
          type: word
        - text: metapackage
          type: word
    script:
      type: block
      children:
      - type: expression
        expression:
          type: string
          children:
          - text: 'conda metapackage '
            type: string_content
  - type: command
    rule:
      type: rule
      children:
      - type: seq
        children:
        - text: anaconda
          type: word
        - text: render
          type: word
    script:
      type: block
      children:
      - type: expression
        expression:
          type: string
          children:
          - text: 'conda render '
            type: string_content
  - type: command
    rule:
      type: rule
      children:
      - type: seq
        children:
        - text: anaconda
          type: word
        - text: server
          type: word
    script:
      type: block
      children:
      - type: expression
        expression:
          type: string
          children:
          - text: 'conda server '
            type: string_content
  - type: command
    rule:
      type: rule
      children:
      - type: seq
        children:
        - text: anaconda
          type: word
        - text: skeleton
          type: word
    script:
      type: block
      children:
      - type: expression
        expression:
          type: string
          children:
          - text: 'conda skeleton '
            type: string_content
  - type: command
    rule:
      type: rule
      children:
      - type: seq
        children:
        - text: anaconda
          type: word
        - text: verify
          type: word
    script:
      type: block
      children:
      - type: expression
        expression:
          type: string
          children:
          - text: 'conda verify '
            type: string_content
