input: "app: thunderbird_contacts\n-\ncontact new: user.thunderbird_mod(\"n\")\ncontact\
  \ edit: user.thunderbird_mod(\"i\")\ncontact delete: key(delete)\ncontact print:\
  \ user.thunderbird_mod(\"p\")\ncontact message: user.thunderbird_mod(\"m\")\ncontact\
  \ up: key(up)\ncontact down: key(down)\n"
output:
  type: source_file
  children:
  - type: context
    children:
    - type: match
      key:
        text: app
        type: identifier
      pattern:
        text: ' thunderbird_contacts'
        type: implicit_string
  - type: command
    rule:
      type: rule
      children:
      - type: seq
        children:
        - text: contact
          type: word
        - text: new
          type: word
    script:
      type: block
      children:
      - type: expression
        expression:
          type: action
          action_name:
            text: user.thunderbird_mod
            type: identifier
          arguments:
            type: argument_list
            children:
            - type: string
              children:
              - text: n
                type: string_content
  - type: command
    rule:
      type: rule
      children:
      - type: seq
        children:
        - text: contact
          type: word
        - text: edit
          type: word
    script:
      type: block
      children:
      - type: expression
        expression:
          type: action
          action_name:
            text: user.thunderbird_mod
            type: identifier
          arguments:
            type: argument_list
            children:
            - type: string
              children:
              - text: i
                type: string_content
  - type: command
    rule:
      type: rule
      children:
      - type: seq
        children:
        - text: contact
          type: word
        - text: delete
          type: word
    script:
      type: block
      children:
      - type: expression
        expression:
          type: key_action
          arguments:
            text: delete
            type: implicit_string
  - type: command
    rule:
      type: rule
      children:
      - type: seq
        children:
        - text: contact
          type: word
        - text: print
          type: word
    script:
      type: block
      children:
      - type: expression
        expression:
          type: action
          action_name:
            text: user.thunderbird_mod
            type: identifier
          arguments:
            type: argument_list
            children:
            - type: string
              children:
              - text: p
                type: string_content
  - type: command
    rule:
      type: rule
      children:
      - type: seq
        children:
        - text: contact
          type: word
        - text: message
          type: word
    script:
      type: block
      children:
      - type: expression
        expression:
          type: action
          action_name:
            text: user.thunderbird_mod
            type: identifier
          arguments:
            type: argument_list
            children:
            - type: string
              children:
              - text: m
                type: string_content
  - type: command
    rule:
      type: rule
      children:
      - type: seq
        children:
        - text: contact
          type: word
        - text: up
          type: word
    script:
      type: block
      children:
      - type: expression
        expression:
          type: key_action
          arguments:
            text: up
            type: implicit_string
  - type: command
    rule:
      type: rule
      children:
      - type: seq
        children:
        - text: contact
          type: word
        - text: down
          type: word
    script:
      type: block
      children:
      - type: expression
        expression:
          type: key_action
          arguments:
            text: down
            type: implicit_string
