input: "app: discord\n-\ntag(): user.messaging\ntag(): user.emoji\n\n# Navigation:\
  \ Channels\n[channel] mentions last: user.discord_mentions_last()\n[channel] mentions\
  \ next: user.discord_mentions_next()\noldest unread: user.discord_oldest_unread()\n\
  \n# UI\ntoggle pins: user.discord_toggle_pins()\ntoggle inbox: user.discord_toggle_inbox()\n\
  toggle (members | member list): user.discord_toggle_members()\npick emoji: user.discord_emoji_picker()\n\
  pick (jif | gif | gift): user.discord_gif_picker()\n\n# Misc\nmark inbox channel\
  \ read: user.discord_mark_inbox_read()\n[toggle] (mute | unmute): user.discord_mute()\n\
  [toggle] (deafen | undeafen): user.discord_deafen()\nanswer call: user.discord_answer_call()\n\
  decline call: user.discord_decline_call()\n"
output:
  type: source_file
  children:
  - type: context
    children:
    - type: match
      key:
        text: app
        type: identifier
      pattern:
        text: ' discord'
        type: implicit_string
  - type: include_tag
    tag:
      text: user.messaging
      type: identifier
  - type: include_tag
    tag:
      text: user.emoji
      type: identifier
  - text: '# Navigation: Channels'
    type: comment
  - type: command
    rule:
      type: rule
      children:
      - type: seq
        children:
        - type: optional
          children:
          - text: channel
            type: word
        - text: mentions
          type: word
        - text: last
          type: word
    script:
      type: block
      children:
      - type: expression
        expression:
          type: action
          action_name:
            text: user.discord_mentions_last
            type: identifier
          arguments:
            type: argument_list
            children: []
  - type: command
    rule:
      type: rule
      children:
      - type: seq
        children:
        - type: optional
          children:
          - text: channel
            type: word
        - text: mentions
          type: word
        - text: next
          type: word
    script:
      type: block
      children:
      - type: expression
        expression:
          type: action
          action_name:
            text: user.discord_mentions_next
            type: identifier
          arguments:
            type: argument_list
            children: []
  - type: command
    rule:
      type: rule
      children:
      - type: seq
        children:
        - text: oldest
          type: word
        - text: unread
          type: word
    script:
      type: block
      children:
      - type: expression
        expression:
          type: action
          action_name:
            text: user.discord_oldest_unread
            type: identifier
          arguments:
            type: argument_list
            children: []
  - text: '# UI'
    type: comment
  - type: command
    rule:
      type: rule
      children:
      - type: seq
        children:
        - text: toggle
          type: word
        - text: pins
          type: word
    script:
      type: block
      children:
      - type: expression
        expression:
          type: action
          action_name:
            text: user.discord_toggle_pins
            type: identifier
          arguments:
            type: argument_list
            children: []
  - type: command
    rule:
      type: rule
      children:
      - type: seq
        children:
        - text: toggle
          type: word
        - text: inbox
          type: word
    script:
      type: block
      children:
      - type: expression
        expression:
          type: action
          action_name:
            text: user.discord_toggle_inbox
            type: identifier
          arguments:
            type: argument_list
            children: []
  - type: command
    rule:
      type: rule
      children:
      - type: seq
        children:
        - text: toggle
          type: word
        - type: parenthesized_rule
          children:
          - type: choice
            children:
            - text: members
              type: word
            - type: seq
              children:
              - text: member
                type: word
              - text: list
                type: word
    script:
      type: block
      children:
      - type: expression
        expression:
          type: action
          action_name:
            text: user.discord_toggle_members
            type: identifier
          arguments:
            type: argument_list
            children: []
  - type: command
    rule:
      type: rule
      children:
      - type: seq
        children:
        - text: pick
          type: word
        - text: emoji
          type: word
    script:
      type: block
      children:
      - type: expression
        expression:
          type: action
          action_name:
            text: user.discord_emoji_picker
            type: identifier
          arguments:
            type: argument_list
            children: []
  - type: command
    rule:
      type: rule
      children:
      - type: seq
        children:
        - text: pick
          type: word
        - type: parenthesized_rule
          children:
          - type: choice
            children:
            - text: jif
              type: word
            - text: gif
              type: word
            - text: gift
              type: word
    script:
      type: block
      children:
      - type: expression
        expression:
          type: action
          action_name:
            text: user.discord_gif_picker
            type: identifier
          arguments:
            type: argument_list
            children: []
  - text: '# Misc'
    type: comment
  - type: command
    rule:
      type: rule
      children:
      - type: seq
        children:
        - text: mark
          type: word
        - text: inbox
          type: word
        - text: channel
          type: word
        - text: read
          type: word
    script:
      type: block
      children:
      - type: expression
        expression:
          type: action
          action_name:
            text: user.discord_mark_inbox_read
            type: identifier
          arguments:
            type: argument_list
            children: []
  - type: command
    rule:
      type: rule
      children:
      - type: seq
        children:
        - type: optional
          children:
          - text: toggle
            type: word
        - type: parenthesized_rule
          children:
          - type: choice
            children:
            - text: mute
              type: word
            - text: unmute
              type: word
    script:
      type: block
      children:
      - type: expression
        expression:
          type: action
          action_name:
            text: user.discord_mute
            type: identifier
          arguments:
            type: argument_list
            children: []
  - type: command
    rule:
      type: rule
      children:
      - type: seq
        children:
        - type: optional
          children:
          - text: toggle
            type: word
        - type: parenthesized_rule
          children:
          - type: choice
            children:
            - text: deafen
              type: word
            - text: undeafen
              type: word
    script:
      type: block
      children:
      - type: expression
        expression:
          type: action
          action_name:
            text: user.discord_deafen
            type: identifier
          arguments:
            type: argument_list
            children: []
  - type: command
    rule:
      type: rule
      children:
      - type: seq
        children:
        - text: answer
          type: word
        - text: call
          type: word
    script:
      type: block
      children:
      - type: expression
        expression:
          type: action
          action_name:
            text: user.discord_answer_call
            type: identifier
          arguments:
            type: argument_list
            children: []
  - type: command
    rule:
      type: rule
      children:
      - type: seq
        children:
        - text: decline
          type: word
        - text: call
          type: word
    script:
      type: block
      children:
      - type: expression
        expression:
          type: action
          action_name:
            text: user.discord_decline_call
            type: identifier
          arguments:
            type: argument_list
            children: []
