input: |
  app: okular
  -
  # Set tags
  tag(): user.pages
output: |
  app: okular
  -
  # Set tags
  tag(): user.pages
