input: "^microphone show$: user.microphone_selection_toggle()\n^microphone close$:\
  \ user.microphone_selection_hide()\n^microphone pick <number_small>$: user.microphone_select(number_small)\n"
output: |-
  -

  ^microphone show$:
      user.microphone_selection_toggle()
  ^microphone close$:
      user.microphone_selection_hide()
  ^microphone pick <number_small>$:
      user.microphone_select(number_small)
