input: "-\nsettings():\n    # Adjust the scale of the imgui to my liking\n    imgui.scale\
  \ = 1.3\n\n    # Enable if you'd like the picker gui to automatically appear when\
  \ explorer has focus\n    user.file_manager_auto_show_pickers = 0\n\n    # Set the\
  \ max number of command lines per page in help\n    user.help_max_command_lines_per_page\
  \ = 50\n\n    # Set the max number of contexts display per page in help\n    user.help_max_contexts_per_page\
  \ = 20\n\n    # The default amount used when scrolling continuously\n    user.mouse_continuous_scroll_amount\
  \ = 80\n\n    # Stop continuous scroll/gaze scroll with a pop\n    user.mouse_enable_pop_stops_scroll\
  \ = 1\n\n    # Enable pop click with 'control mouse' mode\n    user.mouse_enable_pop_click\
  \ = 1\n\n    # When enabled, the 'Scroll Mouse' GUI will not be shown.\n    user.mouse_hide_mouse_gui\
  \ = 0\n\n    # Hide cursor when mouse_wake is called to enable zoom mouse\n    user.mouse_wake_hides_cursor\
  \ = 0\n\n    # The amount to scroll up/down (equivalent to mouse wheel on Windows\
  \ by default)\n    user.mouse_wheel_down_amount = 120\n\n    # The amount to scroll\
  \ left/right\n    user.mouse_wheel_horizontal_amount = 40\n\n    # Mouse grid and\
  \ friends put the number one on the bottom left (vs on the top left)\n    user.grids_put_one_bottom_left\
  \ = 1\n\n    # The number of lines of command history to display by default\n  \
  \  user.command_history_display = 10\n\n    # The number of lines of command history\
  \ to keep in total;\n    # \"command history more\" to display all of them, \"command\
  \ history less\" to restore\n    user.command_history_size = 50\n\n    # Uncomment\
  \ the below to enable context-sensitive dictation. This determines\n    # how to\
  \ format (capitalize, space) dictation-mode speech by selecting &\n    # copying\
  \ surrounding text before inserting. This can be slow and may not\n    # work in\
  \ some applications. You may wish to enable this on a\n    # per-application basis.\n\
  \    # user.context_sensitive_dictation = 1\n\n# Uncomment this to enable the curse\
  \ yes/curse no commands (show hide mouse cursor). See issue #688.\n# tag(): user.mouse_cursor_commands_enable\n"
output: |-
  -
  settings():
      # Adjust the scale of the imgui to my liking
      imgui.scale = 1.3
      # Enable if you'd like the picker gui to automatically appear when explorer has focus
      user.file_manager_auto_show_pickers = 0
      # Set the max number of command lines per page in help
      user.help_max_command_lines_per_page = 50
      # Set the max number of contexts display per page in help
      user.help_max_contexts_per_page = 20
      # The default amount used when scrolling continuously
      user.mouse_continuous_scroll_amount = 80
      # Stop continuous scroll/gaze scroll with a pop
      user.mouse_enable_pop_stops_scroll = 1
      # Enable pop click with 'control mouse' mode
      user.mouse_enable_pop_click = 1
      # When enabled, the 'Scroll Mouse' GUI will not be shown.
      user.mouse_hide_mouse_gui = 0
      # Hide cursor when mouse_wake is called to enable zoom mouse
      user.mouse_wake_hides_cursor = 0
      # The amount to scroll up/down (equivalent to mouse wheel on Windows by default)
      user.mouse_wheel_down_amount = 120
      # The amount to scroll left/right
      user.mouse_wheel_horizontal_amount = 40
      # Mouse grid and friends put the number one on the bottom left (vs on the top left)
      user.grids_put_one_bottom_left = 1
      # The number of lines of command history to display by default
      user.command_history_display = 10
      # The number of lines of command history to keep in total;
      # "command history more" to display all of them, "command history less" to restore
      user.command_history_size = 50
      # Uncomment the below to enable context-sensitive dictation. This determines
      # how to format (capitalize, space) dictation-mode speech by selecting &
      # copying surrounding text before inserting. This can be slow and may not
      # work in some applications. You may wish to enable this on a
      # per-application basis.
      # user.context_sensitive_dictation = 1
  # Uncomment this to enable the curse yes/curse no commands (show hide mouse cursor). See issue #688.
  # tag(): user.mouse_cursor_commands_enable
