input: "tag: user.javascriptreact\n-\ntag(): user.javascript\n"
output: |2-
   tag: user.javascriptreact
  -

  tag(): user.javascript
