input: "app: okular\n-\n# Set tags\ntag(): user.pages\n"
output: |2-
   app: okular
  -

  # Set tags

  tag(): user.pages
