input: "tag: user.code_keywords\n-\nkeyword (<user.code_keyword>+): user.code_keyword(code_keyword_list)\n"
output: |2-
   tag: user.code_keywords
  -

  keyword (<user.code_keyword>+):
      user.code_keyword(code_keyword_list)
