input: |
  -
  (abbreviate|abreviate|brief) {user.abbreviation}: "{abbreviation}"
output: |
  -
  (abbreviate | abreviate | brief) {user.abbreviation}: "{abbreviation}"
  (abbreviate | abreviate | brief) {user.abbreviation}: "{abbreviation}"
